*%(basename)s:9: 'assert' is deprecated in import statements and support will be removed in V8 v12.6 and Chrome 126; use 'with' instead
undefined:0: Error: Invalid module type was asserted


Error: Invalid module type was asserted

